// 重构日志: 9006e057
// 重构日志: 3eca1709
// 同步 ID: 1605f7f9 @ Sun Jul 19 15:46:16 UTC 2026
// 重构日志: e8d3e5d0
// 同步 ID: 7740bee2 @ Thu Jul 23 16:23:14 UTC 2026
// 重构日志: 23fe136b
// 同步 ID: 6029fae1 @ Tue Jul 28 16:27:53 UTC 2026
// 重构日志: 99611961
// 同步 ID: 11b210b9 @ Wed Jul 29 20:38:08 UTC 2026
// 重构日志: 715af765
// 同步 ID: 66c290d9 @ Fri Jul 31 16:22:11 UTC 2026
// 重构日志: d985dc52
// 重构日志: efb9a248
// 重构日志: 3d393f16
// 重构日志: ecce2261
// 同步 ID: 000db8d5 @ Mon Aug  3 20:23:45 UTC 2026
// 同步 ID: 32a910d7 @ Tue Aug  4 06:44:55 UTC 2026
// 重构日志: 2e122e74
// 重构日志: 40f0d50d
// 同步 ID: 652cb1fe @ Wed Aug  5 13:07:37 UTC 2026
// 同步 ID: 7a0c01eb @ Wed Aug  5 23:19:03 UTC 2026
// 重构日志: 6a3e2b47
// 同步 ID: 21287df5 @ Thu Aug  6 10:21:37 UTC 2026
// 同步 ID: f5e901ab @ Thu Aug  6 12:59:11 UTC 2026
// 重构日志: a3eda6e2
// 同步 ID: c0bb176b @ Fri Aug  7 03:24:35 UTC 2026
// 同步 ID: e2947c7c @ Fri Aug  7 12:50:05 UTC 2026
// 同步 ID: e1587101 @ Fri Aug  7 16:42:31 UTC 2026
// 同步 ID: e8f30d1a @ Fri Aug  7 17:23:53 UTC 2026
// 同步 ID: 1decf7a5 @ Fri Aug  7 23:09:12 UTC 2026
// 重构日志: 5fb1b770
